// Jest Snapshot v1, https://goo.gl/fbAQLP

exports[`<Banner /> should render correctly 1`] = `
.c5 {
  padding: 0.8rem;
  background: linear-gradient(180deg,#ff5f5f 0%,#f062c0 50%);
  color: #FAFAFA;
  border: 0;
  border-radius: 0.4rem;
  -webkit-text-decoration: none;
  text-decoration: none;
  display: -webkit-inline-box;
  display: -webkit-inline-flex;
  display: -ms-inline-flexbox;
  display: inline-flex;
  -webkit-align-items: center;
  -webkit-box-align: center;
  -ms-flex-align: center;
  align-items: center;
  -webkit-box-pack: center;
  -webkit-justify-content: center;
  -ms-flex-pack: center;
  justify-content: center;
  height: 5rem;
  font-size: 1.6rem;
  padding: 0.8rem 4.8rem;
}

.c5:hover {
  background: linear-gradient(180deg,#e35565 0%,#d958a6 50%);
}

.c0 {
  position: relative;
}

.c1 {
  width: 100%;
  height: 23rem;
  background-color: #EAEAEA;
  position: relative;
}

.c2 {
  width: 100%;
  padding: 2.4rem;
  background-color: rgba(0,0,0,0.7);
}

.c3 {
  font-size: 1.8rem;
  font-weight: 600;
  color: #FAFAFA;
}

.c4 {
  margin-bottom: 1.6rem;
  color: #FAFAFA;
  font-size: 1.4rem;
  font-weight: 400;
}

.c4 strong {
  font-weight: 600;
  color: #F231A5;
}

@media (max-width:1170px) {

}

@media (min-width:768px) {
  .c0 {
    box-shadow: 0 0.4rem 0.5rem 0 rgba(0,0,0,0.2);
  }
}

@media (min-width:768px) {
  .c1 {
    height: 58rem;
  }
}

@media (min-width:768px) {
  .c2 {
    position: absolute;
    bottom: 0;
    left: 0;
    border-radius: 0 0 0.4rem 0.4rem;
    padding: 4.0rem;
  }
}

@media (min-width:768px) {
  .c3 {
    font-size: 2.8rem;
  }
}

@media (min-width:768px) {
  .c4 {
    font-size: 1.8rem;
  }
}

<main
  class="c0"
>
  <div
    class="c1"
  >
    <span
      style="box-sizing: border-box; display: block; overflow: hidden; background: none; opacity: 1; border: 0px; margin: 0px; padding: 0px; position: absolute; top: 0px; left: 0px; bottom: 0px; right: 0px;"
    >
      <img
        alt="Defy death"
        data-nimg="fill"
        decoding="async"
        src="data:image/gif;base64,R0lGODlhAQABAIAAAAAAAP///yH5BAEAAAAALAAAAAABAAEAAAIBRAA7"
        style="position: absolute; top: 0px; left: 0px; bottom: 0px; right: 0px; box-sizing: border-box; padding: 0px; margin: auto; display: block; width: 0px; height: 0px; min-width: 100%; max-width: 100%; min-height: 100%; max-height: 100%; object-fit: cover;"
      />
      <noscript />
    </span>
  </div>
  <div
    class="c2"
  >
    <h2
      class="c3"
    >
      Defy death
    </h2>
    <h3
      class="c4"
    >
      <p>
        Play the new 
        <strong>
          CrashLands
        </strong>
         season
      </p>
    </h3>
    <a
      class="c5"
      href="/games/defy-death"
    >
      <span>
        Buy now
      </span>
    </a>
  </div>
</main>
`;
