// Jest Snapshot v1, https://goo.gl/fbAQLP

exports[`<CartList /> should render the cart list  1`] = `
.c1 {
  padding: 2.4rem;
  border-bottom: 0.1rem solid #EAEAEA;
}

.c2 {
  display: -webkit-box;
  display: -webkit-flex;
  display: -ms-flexbox;
  display: flex;
}

.c3 {
  margin-right: 1.2rem;
  width: 9.6rem;
  height: 5.6rem;
  position: relative;
  -webkit-flex-shrink: 0;
  -ms-flex-negative: 0;
  flex-shrink: 0;
}

.c3 img {
  width: 100%;
  height: 100%;
  object-fit: cover;
}

.c4 {
  display: -webkit-box;
  display: -webkit-flex;
  display: -ms-flexbox;
  display: flex;
  -webkit-flex-direction: column;
  -ms-flex-direction: column;
  flex-direction: column;
  -webkit-align-items: flex-start;
  -webkit-box-align: flex-start;
  -ms-flex-align: flex-start;
  align-items: flex-start;
}

.c5 {
  margin-bottom: 0.8rem;
  font-size: 1.4rem;
  font-weight: 600;
  line-height: 1.4rem;
  color: #030517;
}

.c6 {
  padding: 0.2rem 0.8rem;
  font-size: 1.4rem;
  font-weight: 600;
  background-color: #3CD3C1;
  color: #FAFAFA;
  border-radius: 0.4rem;
}

.c0 {
  background: #FAFAFA;
  display: -webkit-box;
  display: -webkit-flex;
  display: -ms-flexbox;
  display: flex;
  -webkit-flex-direction: column;
  -ms-flex-direction: column;
  flex-direction: column;
  -webkit-align-self: start;
  -ms-flex-item-align: start;
  align-self: start;
}

.c7 {
  padding: 2rem;
  font-weight: 600;
  font-size: 1.4rem;
  background: #eee;
  color: #030517;
  display: -webkit-box;
  display: -webkit-flex;
  display: -ms-flexbox;
  display: flex;
  -webkit-box-pack: justify;
  -webkit-justify-content: space-between;
  -ms-flex-pack: justify;
  justify-content: space-between;
}

.c8 {
  color: #F231A5;
}

@media (min-width:768px) {
  .c1 {
    display: -webkit-box;
    display: -webkit-flex;
    display: -ms-flexbox;
    display: flex;
  }
}

@media (min-width:768px) {
  .c3 {
    width: 15rem;
    height: 7rem;
    margin-right: 1.6rem;
  }
}

@media (min-width:768px) {
  .c5 {
    font-size: 2rem;
    line-height: 2rem;
  }
}

@media (min-width:768px) {
  .c7 {
    padding: 2.4rem;
    font-size: 1.6rem;
  }
}

<main
  class="c0"
>
  <div
    class="c1"
  >
    <div
      class="c2"
    >
      <div
        class="c3"
      >
        <span
          style="box-sizing: border-box; display: block; overflow: hidden; background: none; opacity: 1; border: 0px; margin: 0px; padding: 0px; position: absolute; top: 0px; left: 0px; bottom: 0px; right: 0px;"
        >
          <img
            alt="Red Dead Redemption 2"
            data-nimg="fill"
            decoding="async"
            src="data:image/gif;base64,R0lGODlhAQABAIAAAAAAAP///yH5BAEAAAAALAAAAAABAAEAAAIBRAA7"
            style="position: absolute; top: 0px; left: 0px; bottom: 0px; right: 0px; box-sizing: border-box; padding: 0px; margin: auto; display: block; width: 0px; height: 0px; min-width: 100%; max-width: 100%; min-height: 100%; max-height: 100%; object-fit: cover;"
          />
          <noscript />
        </span>
      </div>
      <div
        class="c4"
      >
        <h3
          class="c5"
        >
          Red Dead Redemption 2
        </h3>
        <p
          class="c6"
        >
          R$ 215,00
        </p>
      </div>
    </div>
  </div>
  <div
    class="c1"
  >
    <div
      class="c2"
    >
      <div
        class="c3"
      >
        <span
          style="box-sizing: border-box; display: block; overflow: hidden; background: none; opacity: 1; border: 0px; margin: 0px; padding: 0px; position: absolute; top: 0px; left: 0px; bottom: 0px; right: 0px;"
        >
          <img
            alt="Borderlands 3"
            data-nimg="fill"
            decoding="async"
            src="data:image/gif;base64,R0lGODlhAQABAIAAAAAAAP///yH5BAEAAAAALAAAAAABAAEAAAIBRAA7"
            style="position: absolute; top: 0px; left: 0px; bottom: 0px; right: 0px; box-sizing: border-box; padding: 0px; margin: auto; display: block; width: 0px; height: 0px; min-width: 100%; max-width: 100%; min-height: 100%; max-height: 100%; object-fit: cover;"
          />
          <noscript />
        </span>
      </div>
      <div
        class="c4"
      >
        <h3
          class="c5"
        >
          Borderlands 3
        </h3>
        <p
          class="c6"
        >
          R$ 215,00
        </p>
      </div>
    </div>
  </div>
  <div
    class="c7"
  >
    Total 
    <span
      class="c8"
    >
      R$ 330,00
    </span>
  </div>
</main>
`;
